================================================================================
🚀 Training Ablation Model: NO_VMAF
================================================================================
💻 Device: cpu

📦 Loading data...
📊 FCC Traces Loaded:
   Train: 184
   Val: 40
   Test: 40
✅ Loaded 264 FCC traces into memory

🏗️  Creating environment...
✓ Loaded 127 traces
  Train: 88
  Val:   19
  Test:  20
✓ Loaded 127 traces
  Train: 88
  Val:   19
  Test:  20

🧠 Creating no_vmaf model...
   ⚠️  Model WITHOUT VMAF predictions
   Total parameters: 111,047
📊 Logging to: results/logs/ablation_no_vmaf.jsonl

🎓 Creating PPO trainer...

================================================================================
🚂 Starting Training: NO_VMAF
================================================================================
Total timesteps: 500,000
Evaluation every: 25 updates
================================================================================

Update   10 | Steps:   20480 | Episodes:  420 | Reward(20): -523.79 | Reward(100): -515.51 | Rebuffer: 169.6s | Bitrate: 1849kbps
Update   20 | Steps:   40960 | Episodes:  840 | Reward(20):   +8.98 | Reward(100):  -23.08 | Rebuffer:  11.8s | Bitrate:  967kbps

📊 Validation at update 25...
   Val Reward: +73.69 ± 6.81
   🏆 New best! (+inf)
Update   30 | Steps:   61440 | Episodes: 1260 | Reward(20):  +64.92 | Reward(100):  +63.65 | Rebuffer:   2.1s | Bitrate:  708kbps
Update   40 | Steps:   81920 | Episodes: 1680 | Reward(20):  +74.42 | Reward(100):  +71.71 | Rebuffer:   1.8s | Bitrate:  629kbps
Update   50 | Steps:  102400 | Episodes: 2100 | Reward(20):  +65.39 | Reward(100):  +71.00 | Rebuffer:   4.2s | Bitrate:  547kbps

📊 Validation at update 50...
   Val Reward: +43.24 ± 132.90
   ⚠️  No improvement (1/5)
💾 Checkpoint saved: checkpoint_50.pth

Update   60 | Steps:  122880 | Episodes: 2520 | Reward(20):  +79.37 | Reward(100):  +79.97 | Rebuffer:   1.5s | Bitrate:  591kbps
Update   70 | Steps:  143360 | Episodes: 2940 | Reward(20):  +80.78 | Reward(100):  +82.04 | Rebuffer:   1.6s | Bitrate:  581kbps

📊 Validation at update 75...
   Val Reward: +47.65 ± 133.62
   ⚠️  No improvement (2/5)
Update   80 | Steps:  163840 | Episodes: 3360 | Reward(20):  +83.87 | Reward(100):  +83.64 | Rebuffer:   1.6s | Bitrate:  579kbps
Update   90 | Steps:  184320 | Episodes: 3780 | Reward(20):  +84.59 | Reward(100):  +84.78 | Rebuffer:   1.3s | Bitrate:  590kbps
Update  100 | Steps:  204800 | Episodes: 4200 | Reward(20):  +80.71 | Reward(100):  +80.48 | Rebuffer:   1.6s | Bitrate:  531kbps

📊 Validation at update 100...
   Val Reward: -46.33 ± 200.74
   ⚠️  No improvement (3/5)
💾 Checkpoint saved: checkpoint_100.pth

Update  110 | Steps:  225280 | Episodes: 4620 | Reward(20):  +88.15 | Reward(100):  +86.79 | Rebuffer:   1.2s | Bitrate:  624kbps
Update  120 | Steps:  245760 | Episodes: 5040 | Reward(20):  +85.20 | Reward(100):  +87.81 | Rebuffer:   1.5s | Bitrate:  588kbps

📊 Validation at update 125...
   Val Reward: +88.05 ± 9.44
   🏆 New best! (+14.36)
Update  130 | Steps:  266240 | Episodes: 5460 | Reward(20):  +58.79 | Reward(100):  +79.25 | Rebuffer:   7.0s | Bitrate:  533kbps
Update  140 | Steps:  286720 | Episodes: 5880 | Reward(20):  +84.61 | Reward(100):  +82.44 | Rebuffer:   1.8s | Bitrate:  605kbps
Update  150 | Steps:  307200 | Episodes: 6300 | Reward(20):  +72.42 | Reward(100):  +70.26 | Rebuffer:   3.9s | Bitrate:  551kbps

📊 Validation at update 150...
   Val Reward: +80.24 ± 12.95
   ⚠️  No improvement (1/5)
💾 Checkpoint saved: checkpoint_150.pth

Update  160 | Steps:  327680 | Episodes: 6720 | Reward(20):  +76.46 | Reward(100):  +79.76 | Rebuffer:   1.8s | Bitrate:  540kbps
Update  170 | Steps:  348160 | Episodes: 7140 | Reward(20):  +73.26 | Reward(100):  +81.37 | Rebuffer:   4.1s | Bitrate:  592kbps

📊 Validation at update 175...
   Val Reward: +80.83 ± 41.78
   ⚠️  No improvement (2/5)
Update  180 | Steps:  368640 | Episodes: 7560 | Reward(20):  +67.57 | Reward(100):  +78.04 | Rebuffer:   4.4s | Bitrate:  524kbps
Update  190 | Steps:  389120 | Episodes: 7980 | Reward(20):  +80.19 | Reward(100):  +82.66 | Rebuffer:   1.6s | Bitrate:  526kbps
Update  200 | Steps:  409600 | Episodes: 8400 | Reward(20):  +83.55 | Reward(100):  +87.83 | Rebuffer:   1.8s | Bitrate:  579kbps

📊 Validation at update 200...
   Val Reward: +77.24 ± 38.86
   ⚠️  No improvement (3/5)
💾 Checkpoint saved: checkpoint_200.pth

Update  210 | Steps:  430080 | Episodes: 8820 | Reward(20):  +83.52 | Reward(100):  +82.41 | Rebuffer:   1.4s | Bitrate:  539kbps
Update  220 | Steps:  450560 | Episodes: 9240 | Reward(20):  +87.83 | Reward(100):  +84.82 | Rebuffer:   1.4s | Bitrate:  599kbps

📊 Validation at update 225...
   Val Reward: +94.81 ± 5.69
   🏆 New best! (+6.76)
Update  230 | Steps:  471040 | Episodes: 9660 | Reward(20):  +79.36 | Reward(100):  +81.94 | Rebuffer:   2.3s | Bitrate:  532kbps
Update  240 | Steps:  491520 | Episodes: 10080 | Reward(20):  +78.90 | Reward(100):  +82.26 | Rebuffer:   1.7s | Bitrate:  510kbps

================================================================================
✅ Training Complete: NO_VMAF
================================================================================
Total updates: 245
Best reward: +94.81
Models saved in: results/ablation_no_vmaf
================================================================================
